System check identified some issues:

WARNINGS:
?: (urls.W005) URL namespace 'admin' isn't unique. You may not be able to reverse all URLs in this namespace
📂 Loading catalog from data/productVariantsFlat.json
✅ Loaded 1933 products
🗑️  Clearing existing products...
✅ Cleared existing data
💾 Loading products to database...
Traceback (most recent call last):
  File "/Users/ssg/Desktop/COVE/backend/.venv/lib/python3.10/site-packages/django/db/models/query.py", line 946, in get_or_create
    return self.get(**kwargs), False
  File "/Users/ssg/Desktop/COVE/backend/.venv/lib/python3.10/site-packages/django/db/models/query.py", line 633, in get
    raise self.model.DoesNotExist(
catalog.models.ProductMasterGroup.DoesNotExist: ProductMasterGroup matching query does not exist.

During handling of the above exception, another exception occurred:

Traceback (most recent call last):
  File "/Users/ssg/Desktop/COVE/backend/manage.py", line 22, in <module>
    main()
  File "/Users/ssg/Desktop/COVE/backend/manage.py", line 18, in main
    execute_from_command_line(sys.argv)
  File "/Users/ssg/Desktop/COVE/backend/.venv/lib/python3.10/site-packages/django/core/management/__init__.py", line 442, in execute_from_command_line
    utility.execute()
  File "/Users/ssg/Desktop/COVE/backend/.venv/lib/python3.10/site-packages/django/core/management/__init__.py", line 436, in execute
    self.fetch_command(subcommand).run_from_argv(self.argv)
  File "/Users/ssg/Desktop/COVE/backend/.venv/lib/python3.10/site-packages/django/core/management/base.py", line 416, in run_from_argv
    self.execute(*args, **cmd_options)
  File "/Users/ssg/Desktop/COVE/backend/.venv/lib/python3.10/site-packages/django/core/management/base.py", line 460, in execute
    output = self.handle(*args, **options)
  File "/Users/ssg/Desktop/COVE/backend/catalog/management/commands/load_catalog.py", line 59, in handle
    stats = self._load_products(products)
  File "/Users/ssg/Desktop/COVE/backend/catalog/management/commands/load_catalog.py", line 110, in _load_products
    product_group, created = ProductMasterGroup.objects.update_or_create(
  File "/Users/ssg/Desktop/COVE/backend/.venv/lib/python3.10/site-packages/django/db/models/manager.py", line 87, in manager_method
    return getattr(self.get_queryset(), name)(*args, **kwargs)
  File "/Users/ssg/Desktop/COVE/backend/.venv/lib/python3.10/site-packages/django/db/models/query.py", line 988, in update_or_create
    obj, created = self.select_for_update().get_or_create(
  File "/Users/ssg/Desktop/COVE/backend/.venv/lib/python3.10/site-packages/django/db/models/query.py", line 948, in get_or_create
    params = self._extract_model_params(defaults, **kwargs)
  File "/Users/ssg/Desktop/COVE/backend/.venv/lib/python3.10/site-packages/django/db/models/query.py", line 1046, in _extract_model_params
    raise exceptions.FieldError(
django.core.exceptions.FieldError: Invalid field name(s) for model ProductMasterGroup: 'brand_id'.
